MPLINK 5.09, LINKER
Linker Map File - Created Wed Sep 25 19:52:17 2019

                                 Section Info
                  Section       Type    Address   Location Size(Bytes)
                ---------  ---------  ---------  ---------  ---------
                   .org_0       code   0x000000    program   0x000176
                   .cinit    romdata   0x0000bb    program   0x000004
.config_2007_BUILD/DEFAULT/PRODUCTION/MAIN.O       code   0x002007    program   0x000002
.config_2008_BUILD/DEFAULT/PRODUCTION/MAIN.O       code   0x002008    program   0x000002



                              Program Memory Usage 
                               Start         End      
                           ---------   ---------      
                            0x000000    0x0000bc      
                            0x002007    0x002008      
            191 out of 8455 program addresses used, program memory utilization is 2%



                              Symbols - Sorted by Name
                     Name    Address   Location    Storage File                     
                ---------  ---------  ---------  --------- ---------                
                    Delay   0x0000a3    program     static C:\Ucu\Segundo_Año\OrganizacionComputadores\Repositorio\OrganizacionDeComputadoras\Laboratorio_1.X\main.asm
                 Delay3ms   0x0000ae    program     static C:\Ucu\Segundo_Año\OrganizacionComputadores\Repositorio\OrganizacionDeComputadoras\Laboratorio_1.X\main.asm
               DelayNuevo   0x00009c    program     static C:\Ucu\Segundo_Año\OrganizacionComputadores\Repositorio\OrganizacionDeComputadoras\Laboratorio_1.X\main.asm
                  Delay_0   0x0000a7    program     static C:\Ucu\Segundo_Año\OrganizacionComputadores\Repositorio\OrganizacionDeComputadoras\Laboratorio_1.X\main.asm
             _.org_0_0020   0x000020    program     static C:\Ucu\Segundo_Año\OrganizacionComputadores\Repositorio\OrganizacionDeComputadoras\Laboratorio_1.X\main.asm
             _.org_0_0048   0x000048    program     static C:\Ucu\Segundo_Año\OrganizacionComputadores\Repositorio\OrganizacionDeComputadoras\Laboratorio_1.X\main.asm
             _.org_0_004F   0x00004f    program     static C:\Ucu\Segundo_Año\OrganizacionComputadores\Repositorio\OrganizacionDeComputadoras\Laboratorio_1.X\main.asm
             _.org_0_00A1   0x0000a1    program     static C:\Ucu\Segundo_Año\OrganizacionComputadores\Repositorio\OrganizacionDeComputadoras\Laboratorio_1.X\main.asm
             _.org_0_00A8   0x0000a8    program     static C:\Ucu\Segundo_Año\OrganizacionComputadores\Repositorio\OrganizacionDeComputadoras\Laboratorio_1.X\main.asm
             _.org_0_00AB   0x0000ab    program     static C:\Ucu\Segundo_Año\OrganizacionComputadores\Repositorio\OrganizacionDeComputadoras\Laboratorio_1.X\main.asm
               __destello   0x0000b2    program     static C:\Ucu\Segundo_Año\OrganizacionComputadores\Repositorio\OrganizacionDeComputadoras\Laboratorio_1.X\main.asm
                   __main   0x00001d    program     static C:\Ucu\Segundo_Año\OrganizacionComputadores\Repositorio\OrganizacionDeComputadoras\Laboratorio_1.X\main.asm
                    loop1   0x000028    program     static C:\Ucu\Segundo_Año\OrganizacionComputadores\Repositorio\OrganizacionDeComputadoras\Laboratorio_1.X\main.asm
                    loop2   0x00002f    program     static C:\Ucu\Segundo_Año\OrganizacionComputadores\Repositorio\OrganizacionDeComputadoras\Laboratorio_1.X\main.asm
                    loop3   0x000036    program     static C:\Ucu\Segundo_Año\OrganizacionComputadores\Repositorio\OrganizacionDeComputadoras\Laboratorio_1.X\main.asm
                    luces   0x00003d    program     static C:\Ucu\Segundo_Año\OrganizacionComputadores\Repositorio\OrganizacionDeComputadoras\Laboratorio_1.X\main.asm
                     main   0x000000    program     static C:\Ucu\Segundo_Año\OrganizacionComputadores\Repositorio\OrganizacionDeComputadoras\Laboratorio_1.X\main.asm
               presionado   0x000087    program     static C:\Ucu\Segundo_Año\OrganizacionComputadores\Repositorio\OrganizacionDeComputadoras\Laboratorio_1.X\main.asm
              presionado2   0x00008e    program     static C:\Ucu\Segundo_Año\OrganizacionComputadores\Repositorio\OrganizacionDeComputadoras\Laboratorio_1.X\main.asm
              presionado3   0x000095    program     static C:\Ucu\Segundo_Año\OrganizacionComputadores\Repositorio\OrganizacionDeComputadoras\Laboratorio_1.X\main.asm
                   prueba   0x000016    program     static C:\Ucu\Segundo_Año\OrganizacionComputadores\Repositorio\OrganizacionDeComputadoras\Laboratorio_1.X\main.asm
                   sumar1   0x000054    program     static C:\Ucu\Segundo_Año\OrganizacionComputadores\Repositorio\OrganizacionDeComputadoras\Laboratorio_1.X\main.asm
                  sumar10   0x000065    program     static C:\Ucu\Segundo_Año\OrganizacionComputadores\Repositorio\OrganizacionDeComputadoras\Laboratorio_1.X\main.asm
                 sumar100   0x000076    program     static C:\Ucu\Segundo_Año\OrganizacionComputadores\Repositorio\OrganizacionDeComputadoras\Laboratorio_1.X\main.asm



                              Symbols - Sorted by Address
                     Name    Address   Location    Storage File                     
                ---------  ---------  ---------  --------- ---------                
                     main   0x000000    program     static C:\Ucu\Segundo_Año\OrganizacionComputadores\Repositorio\OrganizacionDeComputadoras\Laboratorio_1.X\main.asm
                   prueba   0x000016    program     static C:\Ucu\Segundo_Año\OrganizacionComputadores\Repositorio\OrganizacionDeComputadoras\Laboratorio_1.X\main.asm
                   __main   0x00001d    program     static C:\Ucu\Segundo_Año\OrganizacionComputadores\Repositorio\OrganizacionDeComputadoras\Laboratorio_1.X\main.asm
             _.org_0_0020   0x000020    program     static C:\Ucu\Segundo_Año\OrganizacionComputadores\Repositorio\OrganizacionDeComputadoras\Laboratorio_1.X\main.asm
                    loop1   0x000028    program     static C:\Ucu\Segundo_Año\OrganizacionComputadores\Repositorio\OrganizacionDeComputadoras\Laboratorio_1.X\main.asm
                    loop2   0x00002f    program     static C:\Ucu\Segundo_Año\OrganizacionComputadores\Repositorio\OrganizacionDeComputadoras\Laboratorio_1.X\main.asm
                    loop3   0x000036    program     static C:\Ucu\Segundo_Año\OrganizacionComputadores\Repositorio\OrganizacionDeComputadoras\Laboratorio_1.X\main.asm
                    luces   0x00003d    program     static C:\Ucu\Segundo_Año\OrganizacionComputadores\Repositorio\OrganizacionDeComputadoras\Laboratorio_1.X\main.asm
             _.org_0_0048   0x000048    program     static C:\Ucu\Segundo_Año\OrganizacionComputadores\Repositorio\OrganizacionDeComputadoras\Laboratorio_1.X\main.asm
             _.org_0_004F   0x00004f    program     static C:\Ucu\Segundo_Año\OrganizacionComputadores\Repositorio\OrganizacionDeComputadoras\Laboratorio_1.X\main.asm
                   sumar1   0x000054    program     static C:\Ucu\Segundo_Año\OrganizacionComputadores\Repositorio\OrganizacionDeComputadoras\Laboratorio_1.X\main.asm
                  sumar10   0x000065    program     static C:\Ucu\Segundo_Año\OrganizacionComputadores\Repositorio\OrganizacionDeComputadoras\Laboratorio_1.X\main.asm
                 sumar100   0x000076    program     static C:\Ucu\Segundo_Año\OrganizacionComputadores\Repositorio\OrganizacionDeComputadoras\Laboratorio_1.X\main.asm
               presionado   0x000087    program     static C:\Ucu\Segundo_Año\OrganizacionComputadores\Repositorio\OrganizacionDeComputadoras\Laboratorio_1.X\main.asm
              presionado2   0x00008e    program     static C:\Ucu\Segundo_Año\OrganizacionComputadores\Repositorio\OrganizacionDeComputadoras\Laboratorio_1.X\main.asm
              presionado3   0x000095    program     static C:\Ucu\Segundo_Año\OrganizacionComputadores\Repositorio\OrganizacionDeComputadoras\Laboratorio_1.X\main.asm
               DelayNuevo   0x00009c    program     static C:\Ucu\Segundo_Año\OrganizacionComputadores\Repositorio\OrganizacionDeComputadoras\Laboratorio_1.X\main.asm
             _.org_0_00A1   0x0000a1    program     static C:\Ucu\Segundo_Año\OrganizacionComputadores\Repositorio\OrganizacionDeComputadoras\Laboratorio_1.X\main.asm
                    Delay   0x0000a3    program     static C:\Ucu\Segundo_Año\OrganizacionComputadores\Repositorio\OrganizacionDeComputadoras\Laboratorio_1.X\main.asm
                  Delay_0   0x0000a7    program     static C:\Ucu\Segundo_Año\OrganizacionComputadores\Repositorio\OrganizacionDeComputadoras\Laboratorio_1.X\main.asm
             _.org_0_00A8   0x0000a8    program     static C:\Ucu\Segundo_Año\OrganizacionComputadores\Repositorio\OrganizacionDeComputadoras\Laboratorio_1.X\main.asm
             _.org_0_00AB   0x0000ab    program     static C:\Ucu\Segundo_Año\OrganizacionComputadores\Repositorio\OrganizacionDeComputadoras\Laboratorio_1.X\main.asm
                 Delay3ms   0x0000ae    program     static C:\Ucu\Segundo_Año\OrganizacionComputadores\Repositorio\OrganizacionDeComputadoras\Laboratorio_1.X\main.asm
               __destello   0x0000b2    program     static C:\Ucu\Segundo_Año\OrganizacionComputadores\Repositorio\OrganizacionDeComputadoras\Laboratorio_1.X\main.asm


