MPLINK 5.09, LINKER
Linker Map File - Created Fri Sep 13 21:30:07 2019

                                 Section Info
                  Section       Type    Address   Location Size(Bytes)
                ---------  ---------  ---------  ---------  ---------
                   .org_0       code   0x000000    program   0x000166
                   .cinit    romdata   0x0000b3    program   0x000004
.config_2007_BUILD/DEFAULT/PRODUCTION/MAIN.O       code   0x002007    program   0x000002
.config_2008_BUILD/DEFAULT/PRODUCTION/MAIN.O       code   0x002008    program   0x000002



                              Program Memory Usage 
                               Start         End      
                           ---------   ---------      
                            0x000000    0x0000b4      
                            0x002007    0x002008      
            183 out of 8455 program addresses used, program memory utilization is 2%



                              Symbols - Sorted by Name
                     Name    Address   Location    Storage File                     
                ---------  ---------  ---------  --------- ---------                
                    Delay   0x00009b    program     static C:\Ucu\Segundo_Año\OrganizacionComputadores\Repositorio\OrganizacionDeComputadoras\Laboratorio_1.X\main.asm
                 Delay3ms   0x0000a6    program     static C:\Ucu\Segundo_Año\OrganizacionComputadores\Repositorio\OrganizacionDeComputadoras\Laboratorio_1.X\main.asm
               DelayNuevo   0x000094    program     static C:\Ucu\Segundo_Año\OrganizacionComputadores\Repositorio\OrganizacionDeComputadoras\Laboratorio_1.X\main.asm
                  Delay_0   0x00009f    program     static C:\Ucu\Segundo_Año\OrganizacionComputadores\Repositorio\OrganizacionDeComputadoras\Laboratorio_1.X\main.asm
             _.org_0_0018   0x000018    program     static C:\Ucu\Segundo_Año\OrganizacionComputadores\Repositorio\OrganizacionDeComputadoras\Laboratorio_1.X\main.asm
             _.org_0_0040   0x000040    program     static C:\Ucu\Segundo_Año\OrganizacionComputadores\Repositorio\OrganizacionDeComputadoras\Laboratorio_1.X\main.asm
             _.org_0_0047   0x000047    program     static C:\Ucu\Segundo_Año\OrganizacionComputadores\Repositorio\OrganizacionDeComputadoras\Laboratorio_1.X\main.asm
             _.org_0_0099   0x000099    program     static C:\Ucu\Segundo_Año\OrganizacionComputadores\Repositorio\OrganizacionDeComputadoras\Laboratorio_1.X\main.asm
             _.org_0_00A0   0x0000a0    program     static C:\Ucu\Segundo_Año\OrganizacionComputadores\Repositorio\OrganizacionDeComputadoras\Laboratorio_1.X\main.asm
             _.org_0_00A3   0x0000a3    program     static C:\Ucu\Segundo_Año\OrganizacionComputadores\Repositorio\OrganizacionDeComputadoras\Laboratorio_1.X\main.asm
               __destello   0x0000aa    program     static C:\Ucu\Segundo_Año\OrganizacionComputadores\Repositorio\OrganizacionDeComputadoras\Laboratorio_1.X\main.asm
                   __main   0x000015    program     static C:\Ucu\Segundo_Año\OrganizacionComputadores\Repositorio\OrganizacionDeComputadoras\Laboratorio_1.X\main.asm
                    loop1   0x000020    program     static C:\Ucu\Segundo_Año\OrganizacionComputadores\Repositorio\OrganizacionDeComputadoras\Laboratorio_1.X\main.asm
                    loop2   0x000027    program     static C:\Ucu\Segundo_Año\OrganizacionComputadores\Repositorio\OrganizacionDeComputadoras\Laboratorio_1.X\main.asm
                    loop3   0x00002e    program     static C:\Ucu\Segundo_Año\OrganizacionComputadores\Repositorio\OrganizacionDeComputadoras\Laboratorio_1.X\main.asm
                    luces   0x000035    program     static C:\Ucu\Segundo_Año\OrganizacionComputadores\Repositorio\OrganizacionDeComputadoras\Laboratorio_1.X\main.asm
                     main   0x000000    program     static C:\Ucu\Segundo_Año\OrganizacionComputadores\Repositorio\OrganizacionDeComputadoras\Laboratorio_1.X\main.asm
               presionado   0x00007f    program     static C:\Ucu\Segundo_Año\OrganizacionComputadores\Repositorio\OrganizacionDeComputadoras\Laboratorio_1.X\main.asm
              presionado2   0x000086    program     static C:\Ucu\Segundo_Año\OrganizacionComputadores\Repositorio\OrganizacionDeComputadoras\Laboratorio_1.X\main.asm
              presionado3   0x00008d    program     static C:\Ucu\Segundo_Año\OrganizacionComputadores\Repositorio\OrganizacionDeComputadoras\Laboratorio_1.X\main.asm
                   sumar1   0x00004c    program     static C:\Ucu\Segundo_Año\OrganizacionComputadores\Repositorio\OrganizacionDeComputadoras\Laboratorio_1.X\main.asm
                  sumar10   0x00005d    program     static C:\Ucu\Segundo_Año\OrganizacionComputadores\Repositorio\OrganizacionDeComputadoras\Laboratorio_1.X\main.asm
                 sumar100   0x00006e    program     static C:\Ucu\Segundo_Año\OrganizacionComputadores\Repositorio\OrganizacionDeComputadoras\Laboratorio_1.X\main.asm



                              Symbols - Sorted by Address
                     Name    Address   Location    Storage File                     
                ---------  ---------  ---------  --------- ---------                
                     main   0x000000    program     static C:\Ucu\Segundo_Año\OrganizacionComputadores\Repositorio\OrganizacionDeComputadoras\Laboratorio_1.X\main.asm
                   __main   0x000015    program     static C:\Ucu\Segundo_Año\OrganizacionComputadores\Repositorio\OrganizacionDeComputadoras\Laboratorio_1.X\main.asm
             _.org_0_0018   0x000018    program     static C:\Ucu\Segundo_Año\OrganizacionComputadores\Repositorio\OrganizacionDeComputadoras\Laboratorio_1.X\main.asm
                    loop1   0x000020    program     static C:\Ucu\Segundo_Año\OrganizacionComputadores\Repositorio\OrganizacionDeComputadoras\Laboratorio_1.X\main.asm
                    loop2   0x000027    program     static C:\Ucu\Segundo_Año\OrganizacionComputadores\Repositorio\OrganizacionDeComputadoras\Laboratorio_1.X\main.asm
                    loop3   0x00002e    program     static C:\Ucu\Segundo_Año\OrganizacionComputadores\Repositorio\OrganizacionDeComputadoras\Laboratorio_1.X\main.asm
                    luces   0x000035    program     static C:\Ucu\Segundo_Año\OrganizacionComputadores\Repositorio\OrganizacionDeComputadoras\Laboratorio_1.X\main.asm
             _.org_0_0040   0x000040    program     static C:\Ucu\Segundo_Año\OrganizacionComputadores\Repositorio\OrganizacionDeComputadoras\Laboratorio_1.X\main.asm
             _.org_0_0047   0x000047    program     static C:\Ucu\Segundo_Año\OrganizacionComputadores\Repositorio\OrganizacionDeComputadoras\Laboratorio_1.X\main.asm
                   sumar1   0x00004c    program     static C:\Ucu\Segundo_Año\OrganizacionComputadores\Repositorio\OrganizacionDeComputadoras\Laboratorio_1.X\main.asm
                  sumar10   0x00005d    program     static C:\Ucu\Segundo_Año\OrganizacionComputadores\Repositorio\OrganizacionDeComputadoras\Laboratorio_1.X\main.asm
                 sumar100   0x00006e    program     static C:\Ucu\Segundo_Año\OrganizacionComputadores\Repositorio\OrganizacionDeComputadoras\Laboratorio_1.X\main.asm
               presionado   0x00007f    program     static C:\Ucu\Segundo_Año\OrganizacionComputadores\Repositorio\OrganizacionDeComputadoras\Laboratorio_1.X\main.asm
              presionado2   0x000086    program     static C:\Ucu\Segundo_Año\OrganizacionComputadores\Repositorio\OrganizacionDeComputadoras\Laboratorio_1.X\main.asm
              presionado3   0x00008d    program     static C:\Ucu\Segundo_Año\OrganizacionComputadores\Repositorio\OrganizacionDeComputadoras\Laboratorio_1.X\main.asm
               DelayNuevo   0x000094    program     static C:\Ucu\Segundo_Año\OrganizacionComputadores\Repositorio\OrganizacionDeComputadoras\Laboratorio_1.X\main.asm
             _.org_0_0099   0x000099    program     static C:\Ucu\Segundo_Año\OrganizacionComputadores\Repositorio\OrganizacionDeComputadoras\Laboratorio_1.X\main.asm
                    Delay   0x00009b    program     static C:\Ucu\Segundo_Año\OrganizacionComputadores\Repositorio\OrganizacionDeComputadoras\Laboratorio_1.X\main.asm
                  Delay_0   0x00009f    program     static C:\Ucu\Segundo_Año\OrganizacionComputadores\Repositorio\OrganizacionDeComputadoras\Laboratorio_1.X\main.asm
             _.org_0_00A0   0x0000a0    program     static C:\Ucu\Segundo_Año\OrganizacionComputadores\Repositorio\OrganizacionDeComputadoras\Laboratorio_1.X\main.asm
             _.org_0_00A3   0x0000a3    program     static C:\Ucu\Segundo_Año\OrganizacionComputadores\Repositorio\OrganizacionDeComputadoras\Laboratorio_1.X\main.asm
                 Delay3ms   0x0000a6    program     static C:\Ucu\Segundo_Año\OrganizacionComputadores\Repositorio\OrganizacionDeComputadoras\Laboratorio_1.X\main.asm
               __destello   0x0000aa    program     static C:\Ucu\Segundo_Año\OrganizacionComputadores\Repositorio\OrganizacionDeComputadoras\Laboratorio_1.X\main.asm


