MPLINK 5.09, LINKER
Linker Map File - Created Fri Sep 13 21:00:54 2019

                                 Section Info
                  Section       Type    Address   Location Size(Bytes)
                ---------  ---------  ---------  ---------  ---------
                   .org_0       code   0x000000    program   0x00016a
                   .cinit    romdata   0x001800    program   0x000004
                    dbgP0       code   0x001f00    program   0x0001fe
.config_2007_BUILD/DEFAULT/DEBUG/MAIN.O       code   0x002007    program   0x000002
.config_2008_BUILD/DEFAULT/DEBUG/MAIN.O       code   0x002008    program   0x000002
                    dbgD0      udata   0x000070       data   0x000001
                    dbgD1      udata   0x0000f0       data   0x000001
                    dbgD2      udata   0x000170       data   0x000001
                    dbgD3      udata   0x0001e5       data   0x00000b
                    dbgD4      udata   0x0001f0       data   0x000001



                              Program Memory Usage 
                               Start         End      
                           ---------   ---------      
                            0x000000    0x0000b4      
                            0x001800    0x001801      
                            0x001f00    0x001ffe      
                            0x002007    0x002008      
            440 out of 8455 program addresses used, program memory utilization is 5%



                              Symbols - Sorted by Name
                     Name    Address   Location    Storage File                     
                ---------  ---------  ---------  --------- ---------                
                    Delay   0x00009d    program     static C:\Ucu\Segundo_Año\OrganizacionComputadores\Repositorio\OrganizacionDeComputadoras\Laboratorio_1.X\main.asm
                 Delay3ms   0x0000a8    program     static C:\Ucu\Segundo_Año\OrganizacionComputadores\Repositorio\OrganizacionDeComputadoras\Laboratorio_1.X\main.asm
               DelayNuevo   0x000096    program     static C:\Ucu\Segundo_Año\OrganizacionComputadores\Repositorio\OrganizacionDeComputadoras\Laboratorio_1.X\main.asm
                  Delay_0   0x0000a1    program     static C:\Ucu\Segundo_Año\OrganizacionComputadores\Repositorio\OrganizacionDeComputadoras\Laboratorio_1.X\main.asm
             _.org_0_001C   0x00001c    program     static C:\Ucu\Segundo_Año\OrganizacionComputadores\Repositorio\OrganizacionDeComputadoras\Laboratorio_1.X\main.asm
             _.org_0_0042   0x000042    program     static C:\Ucu\Segundo_Año\OrganizacionComputadores\Repositorio\OrganizacionDeComputadoras\Laboratorio_1.X\main.asm
             _.org_0_0049   0x000049    program     static C:\Ucu\Segundo_Año\OrganizacionComputadores\Repositorio\OrganizacionDeComputadoras\Laboratorio_1.X\main.asm
             _.org_0_009B   0x00009b    program     static C:\Ucu\Segundo_Año\OrganizacionComputadores\Repositorio\OrganizacionDeComputadoras\Laboratorio_1.X\main.asm
             _.org_0_00A2   0x0000a2    program     static C:\Ucu\Segundo_Año\OrganizacionComputadores\Repositorio\OrganizacionDeComputadoras\Laboratorio_1.X\main.asm
             _.org_0_00A5   0x0000a5    program     static C:\Ucu\Segundo_Año\OrganizacionComputadores\Repositorio\OrganizacionDeComputadoras\Laboratorio_1.X\main.asm
               __destello   0x0000ac    program     static C:\Ucu\Segundo_Año\OrganizacionComputadores\Repositorio\OrganizacionDeComputadoras\Laboratorio_1.X\main.asm
                   __main   0x000019    program     static C:\Ucu\Segundo_Año\OrganizacionComputadores\Repositorio\OrganizacionDeComputadoras\Laboratorio_1.X\main.asm
                    loop1   0x000024    program     static C:\Ucu\Segundo_Año\OrganizacionComputadores\Repositorio\OrganizacionDeComputadoras\Laboratorio_1.X\main.asm
                    loop2   0x00002b    program     static C:\Ucu\Segundo_Año\OrganizacionComputadores\Repositorio\OrganizacionDeComputadoras\Laboratorio_1.X\main.asm
                    loop3   0x000032    program     static C:\Ucu\Segundo_Año\OrganizacionComputadores\Repositorio\OrganizacionDeComputadoras\Laboratorio_1.X\main.asm
                    luces   0x000039    program     static C:\Ucu\Segundo_Año\OrganizacionComputadores\Repositorio\OrganizacionDeComputadoras\Laboratorio_1.X\main.asm
                     main   0x000000    program     static C:\Ucu\Segundo_Año\OrganizacionComputadores\Repositorio\OrganizacionDeComputadoras\Laboratorio_1.X\main.asm
               presionado   0x000081    program     static C:\Ucu\Segundo_Año\OrganizacionComputadores\Repositorio\OrganizacionDeComputadoras\Laboratorio_1.X\main.asm
              presionado2   0x000088    program     static C:\Ucu\Segundo_Año\OrganizacionComputadores\Repositorio\OrganizacionDeComputadoras\Laboratorio_1.X\main.asm
              presionado3   0x00008f    program     static C:\Ucu\Segundo_Año\OrganizacionComputadores\Repositorio\OrganizacionDeComputadoras\Laboratorio_1.X\main.asm
                   sumar1   0x00004e    program     static C:\Ucu\Segundo_Año\OrganizacionComputadores\Repositorio\OrganizacionDeComputadoras\Laboratorio_1.X\main.asm
                  sumar10   0x00005f    program     static C:\Ucu\Segundo_Año\OrganizacionComputadores\Repositorio\OrganizacionDeComputadoras\Laboratorio_1.X\main.asm
                 sumar100   0x000070    program     static C:\Ucu\Segundo_Año\OrganizacionComputadores\Repositorio\OrganizacionDeComputadoras\Laboratorio_1.X\main.asm



                              Symbols - Sorted by Address
                     Name    Address   Location    Storage File                     
                ---------  ---------  ---------  --------- ---------                
                     main   0x000000    program     static C:\Ucu\Segundo_Año\OrganizacionComputadores\Repositorio\OrganizacionDeComputadoras\Laboratorio_1.X\main.asm
                   __main   0x000019    program     static C:\Ucu\Segundo_Año\OrganizacionComputadores\Repositorio\OrganizacionDeComputadoras\Laboratorio_1.X\main.asm
             _.org_0_001C   0x00001c    program     static C:\Ucu\Segundo_Año\OrganizacionComputadores\Repositorio\OrganizacionDeComputadoras\Laboratorio_1.X\main.asm
                    loop1   0x000024    program     static C:\Ucu\Segundo_Año\OrganizacionComputadores\Repositorio\OrganizacionDeComputadoras\Laboratorio_1.X\main.asm
                    loop2   0x00002b    program     static C:\Ucu\Segundo_Año\OrganizacionComputadores\Repositorio\OrganizacionDeComputadoras\Laboratorio_1.X\main.asm
                    loop3   0x000032    program     static C:\Ucu\Segundo_Año\OrganizacionComputadores\Repositorio\OrganizacionDeComputadoras\Laboratorio_1.X\main.asm
                    luces   0x000039    program     static C:\Ucu\Segundo_Año\OrganizacionComputadores\Repositorio\OrganizacionDeComputadoras\Laboratorio_1.X\main.asm
             _.org_0_0042   0x000042    program     static C:\Ucu\Segundo_Año\OrganizacionComputadores\Repositorio\OrganizacionDeComputadoras\Laboratorio_1.X\main.asm
             _.org_0_0049   0x000049    program     static C:\Ucu\Segundo_Año\OrganizacionComputadores\Repositorio\OrganizacionDeComputadoras\Laboratorio_1.X\main.asm
                   sumar1   0x00004e    program     static C:\Ucu\Segundo_Año\OrganizacionComputadores\Repositorio\OrganizacionDeComputadoras\Laboratorio_1.X\main.asm
                  sumar10   0x00005f    program     static C:\Ucu\Segundo_Año\OrganizacionComputadores\Repositorio\OrganizacionDeComputadoras\Laboratorio_1.X\main.asm
                 sumar100   0x000070    program     static C:\Ucu\Segundo_Año\OrganizacionComputadores\Repositorio\OrganizacionDeComputadoras\Laboratorio_1.X\main.asm
               presionado   0x000081    program     static C:\Ucu\Segundo_Año\OrganizacionComputadores\Repositorio\OrganizacionDeComputadoras\Laboratorio_1.X\main.asm
              presionado2   0x000088    program     static C:\Ucu\Segundo_Año\OrganizacionComputadores\Repositorio\OrganizacionDeComputadoras\Laboratorio_1.X\main.asm
              presionado3   0x00008f    program     static C:\Ucu\Segundo_Año\OrganizacionComputadores\Repositorio\OrganizacionDeComputadoras\Laboratorio_1.X\main.asm
               DelayNuevo   0x000096    program     static C:\Ucu\Segundo_Año\OrganizacionComputadores\Repositorio\OrganizacionDeComputadoras\Laboratorio_1.X\main.asm
             _.org_0_009B   0x00009b    program     static C:\Ucu\Segundo_Año\OrganizacionComputadores\Repositorio\OrganizacionDeComputadoras\Laboratorio_1.X\main.asm
                    Delay   0x00009d    program     static C:\Ucu\Segundo_Año\OrganizacionComputadores\Repositorio\OrganizacionDeComputadoras\Laboratorio_1.X\main.asm
                  Delay_0   0x0000a1    program     static C:\Ucu\Segundo_Año\OrganizacionComputadores\Repositorio\OrganizacionDeComputadoras\Laboratorio_1.X\main.asm
             _.org_0_00A2   0x0000a2    program     static C:\Ucu\Segundo_Año\OrganizacionComputadores\Repositorio\OrganizacionDeComputadoras\Laboratorio_1.X\main.asm
             _.org_0_00A5   0x0000a5    program     static C:\Ucu\Segundo_Año\OrganizacionComputadores\Repositorio\OrganizacionDeComputadoras\Laboratorio_1.X\main.asm
                 Delay3ms   0x0000a8    program     static C:\Ucu\Segundo_Año\OrganizacionComputadores\Repositorio\OrganizacionDeComputadoras\Laboratorio_1.X\main.asm
               __destello   0x0000ac    program     static C:\Ucu\Segundo_Año\OrganizacionComputadores\Repositorio\OrganizacionDeComputadoras\Laboratorio_1.X\main.asm


