MPLINK 5.09, LINKER
Linker Map File - Created Sat Aug 31 22:56:43 2019

                                 Section Info
                  Section       Type    Address   Location Size(Bytes)
                ---------  ---------  ---------  ---------  ---------
                   .org_0       code   0x000000    program   0x000036
                   .cinit    romdata   0x001800    program   0x000004
                    dbgP0       code   0x001f00    program   0x0001fe
.config_2007_BUILD/DEFAULT/DEBUG/LAB0.O       code   0x002007    program   0x000002
.config_2008_BUILD/DEFAULT/DEBUG/LAB0.O       code   0x002008    program   0x000002
                    dbgD0      udata   0x000070       data   0x000001
                    dbgD1      udata   0x0000f0       data   0x000001
                    dbgD2      udata   0x000170       data   0x000001
                    dbgD3      udata   0x0001e5       data   0x00000b
                    dbgD4      udata   0x0001f0       data   0x000001



                              Program Memory Usage 
                               Start         End      
                           ---------   ---------      
                            0x000000    0x00001a      
                            0x001800    0x001801      
                            0x001f00    0x001ffe      
                            0x002007    0x002008      
            286 out of 8455 program addresses used, program memory utilization is 3%



                              Symbols - Sorted by Name
                     Name    Address   Location    Storage File                     
                ---------  ---------  ---------  --------- ---------                
                   __main   0x00000e    program     static C:\Users\estudiante.fit\MPLABXProjects\Laboratorio0.X\lab0.asm
                     main   0x000000    program     static C:\Users\estudiante.fit\MPLABXProjects\Laboratorio0.X\lab0.asm



                              Symbols - Sorted by Address
                     Name    Address   Location    Storage File                     
                ---------  ---------  ---------  --------- ---------                
                     main   0x000000    program     static C:\Users\estudiante.fit\MPLABXProjects\Laboratorio0.X\lab0.asm
                   __main   0x00000e    program     static C:\Users\estudiante.fit\MPLABXProjects\Laboratorio0.X\lab0.asm


